// Jest Snapshot v1, https://goo.gl/fbAQLP

exports[`Footer component same snapshot 1`] = `
<style__StyledFooter>
  <style__StyledFooterInner>
    <Grid
      relaxed={true}
    >
      <GridRow
        verticalAlign="middle"
      >
        <GridColumn
          mobile={16}
          width={12}
        >
          <a
            href="https://github.com/Metnew/noir"
          >
            <Header
              as="h3"
              inverted={true}
            >
              <Icon
                as="i"
                name="github"
              />
              <HeaderContent>
                Noir
                <HeaderSubheader>
                  Starter for 
                  <s>
                    blade
                  </s>
                   bleeding-edge runners
                </HeaderSubheader>
              </HeaderContent>
            </Header>
          </a>
        </GridColumn>
      </GridRow>
    </Grid>
  </style__StyledFooterInner>
</style__StyledFooter>
`;
